[dotenv@17.3.1] injecting env (5) from .env -- tip: ⚙️  suppress all logs with { quiet: true }
